node.exe : C:\Users\khush\On
eDrive\Desktop\sahyog ai\sah
yagbackend\node_modules\@pri
sma\client\src\runtime\getPr
ismaClient.ts:260
At C:\Program 
Files\nodejs\npx.ps1:29 
char:3
+   & $NODE_EXE $NPX_CLI_JS 
$args
+   ~~~~~~~~~~~~~~~~~~~~~~~~
~~~~~
    + CategoryInfo          
    : NotSpecified: (C:\Us  
  ers\khush\...maClient.t   
 s:260:String) [], Remot    
eException
    + FullyQualifiedErrorId 
    : NativeCommandError
 
        throw new PrismaClie
ntInitializationError(
              ^


PrismaClientInitializationEr
ror: `PrismaClient` needs 
to be constructed with a 
non-empty, valid 
`PrismaClientOptions`:

```
new PrismaClient({
  ...
})
```

or

```
constructor() {
  super({ ... });
}
```
          
    at new t (C:\Users\khush
\OneDrive\Desktop\sahyog ai\
sahyagbackend\node_modules\@
prisma\client\src\runtime\ge
tPrismaClient.ts:260:15)
    at <anonymous> (C:\Users
\khush\OneDrive\Desktop\sahy
og ai\sahyagbackend\test-dep
osit.ts:2:16)
    at Object.<anonymous> (C
:\Users\khush\OneDrive\Deskt
op\sahyog ai\sahyagbackend\t
est-deposit.ts:61:13)
    at Module._compile (node
:internal/modules/cjs/loader
:1730:14)
    at Object.transformer (C
:\Users\khush\OneDrive\Deskt
op\sahyog ai\sahyagbackend\n
ode_modules\tsx\dist\registe
r-D46fvsV_.cjs:3:1104)
    at Module.load (node:int
ernal/modules/cjs/loader:146
5:32)
    at Function._load (node:
internal/modules/cjs/loader:
1282:12)
    at 
TracingChannel.traceSync (no
de:diagnostics_channel:322:1
4)
    at wrapModuleLoad (node:
internal/modules/cjs/loader:
235:24)
    at cjsLoader (node:inter
nal/modules/esm/translators:
266:5) {
  clientVersion: '7.4.2',
  errorCode: undefined,
  retryable: undefined
}

Node.js v22.17.1
