src/api/routes/ai.ts(56,64): error TS7006: Parameter 'l' implicitly has an 'any' type.
src/api/routes/auth.ts(71,64): error TS2339: Property 'errors' does not exist on type 'ZodError<unknown>'.
src/api/routes/auth.ts(110,64): error TS2339: Property 'errors' does not exist on type 'ZodError<unknown>'.
src/api/routes/auth.ts(161,64): error TS2339: Property 'errors' does not exist on type 'ZodError<unknown>'.
src/api/routes/bank-recon.ts(109,64): error TS2339: Property 'errors' does not exist on type 'ZodError<unknown>'.
src/api/routes/bank-recon.ts(109,85): error TS2339: Property 'errors' does not exist on type 'ZodError<unknown>'.
src/api/routes/bank-recon.ts(109,97): error TS7006: Parameter 'e' implicitly has an 'any' type.
src/api/routes/bank-recon.ts(136,49): error TS7006: Parameter 'e' implicitly has an 'any' type.
src/api/routes/bank-recon.ts(157,58): error TS7006: Parameter 'e' implicitly has an 'any' type.
src/api/routes/bank-recon.ts(158,39): error TS7006: Parameter 'e' implicitly has an 'any' type.
src/api/routes/bank-recon.ts(229,64): error TS2339: Property 'errors' does not exist on type 'ZodError<unknown>'.
src/api/routes/bank-recon.ts(264,54): error TS7006: Parameter 'e' implicitly has an 'any' type.
src/api/routes/bank-recon.ts(265,47): error TS7006: Parameter 'e' implicitly has an 'any' type.
src/api/routes/bank-recon.ts(265,75): error TS7006: Parameter 'b' implicitly has an 'any' type.
src/api/routes/bank-recon.ts(271,44): error TS7006: Parameter 'gl' implicitly has an 'any' type.
src/api/routes/bank-recon.ts(314,35): error TS7006: Parameter 'u' implicitly has an 'any' type.
src/api/routes/compliance.ts(37,42): error TS7006: Parameter 'g' implicitly has an 'any' type.
src/api/routes/compliance.ts(37,113): error TS7006: Parameter 's' implicitly has an 'any' type.
src/api/routes/compliance.ts(37,116): error TS7006: Parameter 'g' implicitly has an 'any' type.
src/api/routes/compliance.ts(38,47): error TS7006: Parameter 'g' implicitly has an 'any' type.
src/api/routes/compliance.ts(38,122): error TS7006: Parameter 's' implicitly has an 'any' type.
src/api/routes/compliance.ts(38,125): error TS7006: Parameter 'g' implicitly has an 'any' type.
src/api/routes/compliance.ts(147,51): error TS7006: Parameter 't' implicitly has an 'any' type.
src/api/routes/compliance.ts(153,57): error TS7006: Parameter 't' implicitly has an 'any' type.
src/api/routes/compliance.ts(196,48): error TS7006: Parameter 't' implicitly has an 'any' type.
src/api/routes/config.ts(69,42): error TS7006: Parameter 'tx' implicitly has an 'any' type.
src/api/routes/config.ts(99,64): error TS2339: Property 'errors' does not exist on type 'ZodError<unknown>'.
src/api/routes/dashboard.ts(68,46): error TS7006: Parameter 't' implicitly has an 'any' type.
src/api/routes/deposits.ts(72,64): error TS2339: Property 'errors' does not exist on type 'ZodError<unknown>'.
src/api/routes/gl.ts(30,58): error TS7006: Parameter 'a' implicitly has an 'any' type.
src/api/routes/gl.ts(31,26): error TS7006: Parameter 'e' implicitly has an 'any' type.
src/api/routes/gl.ts(106,64): error TS2339: Property 'errors' does not exist on type 'ZodError<unknown>'.
src/api/routes/gl.ts(106,85): error TS2339: Property 'errors' does not exist on type 'ZodError<unknown>'.
src/api/routes/gl.ts(106,97): error TS7006: Parameter 'e' implicitly has an 'any' type.
src/api/routes/gl.ts(140,58): error TS7006: Parameter 'tx' implicitly has an 'any' type.
src/api/routes/gl.ts(180,64): error TS2339: Property 'errors' does not exist on type 'ZodError<unknown>'.
src/api/routes/gl.ts(252,59): error TS7006: Parameter 'tx' implicitly has an 'any' type.
src/api/routes/gl.ts(269,47): error TS7006: Parameter 'e' implicitly has an 'any' type.
src/api/routes/gl.ts(323,35): error TS7006: Parameter 'e' implicitly has an 'any' type.
src/api/routes/gl.ts(332,14): error TS7006: Parameter 'acc' implicitly has an 'any' type.
src/api/routes/gl.ts(332,19): error TS7006: Parameter 'r' implicitly has an 'any' type.
src/api/routes/gl.ts(363,40): error TS7006: Parameter 'e' implicitly has an 'any' type.
src/api/routes/gl.ts(363,77): error TS7006: Parameter 'e' implicitly has an 'any' type.
src/api/routes/gl.ts(369,45): error TS7006: Parameter 'e' implicitly has an 'any' type.
src/api/routes/gl.ts(369,82): error TS7006: Parameter 'e' implicitly has an 'any' type.
src/api/routes/gl.ts(375,40): error TS7006: Parameter 'e' implicitly has an 'any' type.
src/api/routes/gl.ts(375,77): error TS7006: Parameter 'e' implicitly has an 'any' type.
src/api/routes/gl.ts(386,41): error TS7006: Parameter 's' implicitly has an 'any' type.
src/api/routes/gl.ts(386,44): error TS7006: Parameter 'e' implicitly has an 'any' type.
src/api/routes/gl.ts(387,57): error TS7006: Parameter 's' implicitly has an 'any' type.
src/api/routes/gl.ts(387,60): error TS7006: Parameter 'e' implicitly has an 'any' type.
src/api/routes/gl.ts(387,100): error TS7006: Parameter 's' implicitly has an 'any' type.
src/api/routes/gl.ts(387,103): error TS7006: Parameter 'e' implicitly has an 'any' type.
src/api/routes/gl.ts(408,40): error TS7006: Parameter 'e' implicitly has an 'any' type.
src/api/routes/gl.ts(408,77): error TS7006: Parameter 'e' implicitly has an 'any' type.
src/api/routes/gl.ts(414,42): error TS7006: Parameter 'e' implicitly has an 'any' type.
src/api/routes/gl.ts(414,79): error TS7006: Parameter 'e' implicitly has an 'any' type.
src/api/routes/gl.ts(420,44): error TS7006: Parameter 's' implicitly has an 'any' type.
src/api/routes/gl.ts(420,47): error TS7006: Parameter 'e' implicitly has an 'any' type.
src/api/routes/gl.ts(421,48): error TS7006: Parameter 's' implicitly has an 'any' type.
src/api/routes/gl.ts(421,51): error TS7006: Parameter 'e' implicitly has an 'any' type.
src/api/routes/governance.ts(183,25): error TS2554: Expected 2-3 arguments, but got 1.
src/api/routes/loans.ts(14,77): error TS2345: Argument of type 'string | string[]' is not assignable to parameter of type 'string'.
  Type 'string[]' is not assignable to type 'string'.
src/api/routes/loans.ts(71,64): error TS2339: Property 'errors' does not exist on type 'ZodError<unknown>'.
src/api/routes/loans.ts(162,55): error TS7006: Parameter 'tx' implicitly has an 'any' type.
src/api/routes/loans.ts(190,15): error TS2304: Cannot find name 'postGlFromMatrix'.
src/api/routes/loans.ts(195,13): error TS2304: Cannot find name 'period'.
src/api/routes/me.ts(234,46): error TS7006: Parameter 'sum' implicitly has an 'any' type.
src/api/routes/me.ts(234,51): error TS7006: Parameter 'acc' implicitly has an 'any' type.
src/api/routes/me.ts(239,52): error TS7006: Parameter 'sum' implicitly has an 'any' type.
src/api/routes/me.ts(239,57): error TS7006: Parameter 'loan' implicitly has an 'any' type.
src/api/routes/me.ts(244,57): error TS7006: Parameter 'sum' implicitly has an 'any' type.
src/api/routes/me.ts(244,62): error TS7006: Parameter 'dep' implicitly has an 'any' type.
src/api/routes/me.ts(256,43): error TS7006: Parameter 'a' implicitly has an 'any' type.
src/api/routes/me.ts(273,44): error TS7006: Parameter 't' implicitly has an 'any' type.
src/api/routes/members.ts(148,64): error TS2339: Property 'errors' does not exist on type 'ZodError<unknown>'.
src/api/routes/members.ts(230,44): error TS7006: Parameter 'sum' implicitly has an 'any' type.
src/api/routes/members.ts(230,49): error TS7006: Parameter 'tx' implicitly has an 'any' type.
src/api/routes/members.ts(344,64): error TS2339: Property 'errors' does not exist on type 'ZodError<unknown>'.
src/api/routes/members.ts(409,46): error TS7006: Parameter 's' implicitly has an 'any' type.
src/api/routes/members.ts(409,49): error TS7006: Parameter 'a' implicitly has an 'any' type.
src/api/routes/members.ts(410,46): error TS7006: Parameter 's' implicitly has an 'any' type.
src/api/routes/members.ts(410,49): error TS7006: Parameter 'd' implicitly has an 'any' type.
src/api/routes/members.ts(411,50): error TS7006: Parameter 's' implicitly has an 'any' type.
src/api/routes/members.ts(411,53): error TS7006: Parameter 'l' implicitly has an 'any' type.
src/api/routes/members.ts(414,47): error TS7006: Parameter 's' implicitly has an 'any' type.
src/api/routes/members.ts(414,50): error TS7006: Parameter 'l' implicitly has an 'any' type.
src/api/routes/members.ts(420,38): error TS7006: Parameter 'a' implicitly has an 'any' type.
src/api/routes/members.ts(421,36): error TS7006: Parameter 'd' implicitly has an 'any' type.
src/api/routes/members.ts(446,42): error TS7006: Parameter 'tx' implicitly has an 'any' type.
src/api/routes/members.ts(459,64): error TS2339: Property 'errors' does not exist on type 'ZodError<unknown>'.
src/api/routes/platform-billing.ts(89,64): error TS2339: Property 'errors' does not exist on type 'ZodError<unknown>'.
src/api/routes/platform-billing.ts(122,64): error TS2339: Property 'errors' does not exist on type 'ZodError<unknown>'.
src/api/routes/platform-config.ts(83,64): error TS2339: Property 'errors' does not exist on type 'ZodError<unknown>'.
src/api/routes/platform-config.ts(131,64): error TS2339: Property 'errors' does not exist on type 'ZodError<unknown>'.
src/api/routes/platform-config.ts(152,64): error TS2339: Property 'errors' does not exist on type 'ZodError<unknown>'.
src/api/routes/platform-rules.ts(76,64): error TS2339: Property 'errors' does not exist on type 'ZodError<unknown>'.
src/api/routes/platform-usage.ts(16,44): error TS7006: Parameter 't' implicitly has an 'any' type.
src/api/routes/platform-usage.ts(16,98): error TS7031: Binding element 'id' implicitly has an 'any' type.
src/api/routes/platform-usage.ts(16,102): error TS7031: Binding element 'name' implicitly has an 'any' type.
src/api/routes/platform-usage.ts(16,108): error TS7031: Binding element 'code' implicitly has an 'any' type.
src/api/routes/platform-usage.ts(16,114): error TS7031: Binding element 'plan' implicitly has an 'any' type.
src/api/routes/platform-usage.ts(17,40): error TS7006: Parameter 't' implicitly has an 'any' type.
src/api/routes/platform-usage.ts(20,13): error TS2322: Type 'Response<any, Record<string, any>>' is not assignable to type 'void'.
src/api/routes/platform-usage.ts(44,66): error TS7006: Parameter 's' implicitly has an 'any' type.
src/api/routes/platform-usage.ts(49,42): error TS7006: Parameter 't' implicitly has an 'any' type.
src/api/routes/reports.ts(43,39): error TS7006: Parameter 'm' implicitly has an 'any' type.
src/api/routes/reports.ts(63,34): error TS7006: Parameter 'l' implicitly has an 'any' type.
src/api/routes/reports.ts(88,40): error TS7006: Parameter 'd' implicitly has an 'any' type.
src/api/routes/reports.ts(120,33): error TS7006: Parameter 'l' implicitly has an 'any' type.
src/api/routes/reports.ts(223,33): error TS7006: Parameter 'l' implicitly has an 'any' type.
src/api/routes/sb.ts(29,64): error TS2339: Property 'errors' does not exist on type 'ZodError<unknown>'.
src/api/routes/suspense.ts(18,35): error TS7006: Parameter 'e' implicitly has an 'any' type.
src/api/routes/suspense.ts(83,64): error TS2339: Property 'errors' does not exist on type 'ZodError<unknown>'.
src/api/routes/suspense.ts(83,85): error TS2339: Property 'errors' does not exist on type 'ZodError<unknown>'.
src/api/routes/suspense.ts(83,97): error TS7006: Parameter 'e' implicitly has an 'any' type.
src/api/routes/suspense.ts(139,64): error TS2339: Property 'errors' does not exist on type 'ZodError<unknown>'.
src/api/routes/suspense.ts(139,85): error TS2339: Property 'errors' does not exist on type 'ZodError<unknown>'.
src/api/routes/suspense.ts(139,97): error TS7006: Parameter 'e' implicitly has an 'any' type.
src/api/routes/tenants.ts(51,46): error TS7006: Parameter 't' implicitly has an 'any' type.
src/api/routes/tenants.ts(135,64): error TS2339: Property 'errors' does not exist on type 'ZodError<unknown>'.
src/api/routes/tenants.ts(191,64): error TS2339: Property 'errors' does not exist on type 'ZodError<unknown>'.
src/services/eligibility.service.ts(63,44): error TS7006: Parameter 's' implicitly has an 'any' type.
src/services/eligibility.service.ts(63,47): error TS7006: Parameter 'l' implicitly has an 'any' type.
